[     466ms] [INFO] %cDownload the React DevTools for a better development experience: https://react.dev/link/react-devtools font-weight:bold @ http://localhost:8098/node_modules/expo-router/entry.bundle?platform=web&dev=true&hot=false&lazy=true&transform.routerRoot=app&transform.reactCompiler=true:18049
[     499ms] [LOG] Running application "main" with appParams:
 {rootTag: #root, hydrate: undefined} 
Development-level warnings: ON.
Performance optimizations: OFF. @ http://localhost:8098/node_modules/expo-router/entry.bundle?platform=web&dev=true&hot=false&lazy=true&transform.routerRoot=app&transform.reactCompiler=true:40385
[     956ms] [WARNING] Clerk: Clerk has been loaded with development keys. Development instances have strict usage limits and should not be used when deploying your application to production. Learn more: https://clerk.com/docs/deployments/overview @ https://valid-bulldog-31.clerk.accounts.dev/npm/@clerk/clerk-js@6/dist/clerk.browser.js:11
[    2053ms] [VERBOSE] [DOM] Password field is not contained in a form: (More info: https://goo.gl/9p2vKq) %o @ http://localhost:8098/sign-up:0
[    2053ms] [VERBOSE] [DOM] Password field is not contained in a form: (More info: https://goo.gl/9p2vKq) %o @ http://localhost:8098/sign-up:0
[   45531ms] [WARNING] WebGL: INVALID_ENUM: getInternalformatParameter: invalid internalformat @ https://challenges.cloudflare.com/cdn-cgi/challenge-platform/h/b/turnstile/f/av0/rch/yaxqh/0x4AAAAAAAWXJGBD7bONzLBd/auto/fbE/new/normal?lang=auto:0
[   45532ms] [WARNING] WebGL: INVALID_ENUM: getInternalformatParameter: invalid internalformat @ https://challenges.cloudflare.com/cdn-cgi/challenge-platform/h/b/turnstile/f/av0/rch/yaxqh/0x4AAAAAAAWXJGBD7bONzLBd/auto/fbE/new/normal?lang=auto:0
[   45532ms] [WARNING] WebGL: INVALID_ENUM: getInternalformatParameter: invalid internalformat @ https://challenges.cloudflare.com/cdn-cgi/challenge-platform/h/b/turnstile/f/av0/rch/yaxqh/0x4AAAAAAAWXJGBD7bONzLBd/auto/fbE/new/normal?lang=auto:0
[   45532ms] [WARNING] WebGL: INVALID_ENUM: getInternalformatParameter: invalid internalformat @ https://challenges.cloudflare.com/cdn-cgi/challenge-platform/h/b/turnstile/f/av0/rch/yaxqh/0x4AAAAAAAWXJGBD7bONzLBd/auto/fbE/new/normal?lang=auto:0
[   45532ms] [WARNING] WebGL: INVALID_ENUM: getInternalformatParameter: invalid internalformat @ https://challenges.cloudflare.com/cdn-cgi/challenge-platform/h/b/turnstile/f/av0/rch/yaxqh/0x4AAAAAAAWXJGBD7bONzLBd/auto/fbE/new/normal?lang=auto:0
[   45533ms] [WARNING] WebGL: INVALID_ENUM: getInternalformatParameter: invalid internalformat @ https://challenges.cloudflare.com/cdn-cgi/challenge-platform/h/b/turnstile/f/av0/rch/yaxqh/0x4AAAAAAAWXJGBD7bONzLBd/auto/fbE/new/normal?lang=auto:0
[   45533ms] [WARNING] WebGL: INVALID_ENUM: getInternalformatParameter: invalid internalformat @ https://challenges.cloudflare.com/cdn-cgi/challenge-platform/h/b/turnstile/f/av0/rch/yaxqh/0x4AAAAAAAWXJGBD7bONzLBd/auto/fbE/new/normal?lang=auto:0
[   45533ms] [WARNING] WebGL: INVALID_ENUM: getInternalformatParameter: invalid internalformat @ https://challenges.cloudflare.com/cdn-cgi/challenge-platform/h/b/turnstile/f/av0/rch/yaxqh/0x4AAAAAAAWXJGBD7bONzLBd/auto/fbE/new/normal?lang=auto:0
[   45533ms] [WARNING] WebGL: INVALID_ENUM: getInternalformatParameter: invalid internalformat @ https://challenges.cloudflare.com/cdn-cgi/challenge-platform/h/b/turnstile/f/av0/rch/yaxqh/0x4AAAAAAAWXJGBD7bONzLBd/auto/fbE/new/normal?lang=auto:0
[   45533ms] [WARNING] WebGL: INVALID_ENUM: getInternalformatParameter: invalid internalformat @ https://challenges.cloudflare.com/cdn-cgi/challenge-platform/h/b/turnstile/f/av0/rch/yaxqh/0x4AAAAAAAWXJGBD7bONzLBd/auto/fbE/new/normal?lang=auto:0
[   45533ms] [WARNING] WebGL: INVALID_ENUM: getInternalformatParameter: invalid internalformat @ https://challenges.cloudflare.com/cdn-cgi/challenge-platform/h/b/turnstile/f/av0/rch/yaxqh/0x4AAAAAAAWXJGBD7bONzLBd/auto/fbE/new/normal?lang=auto:0
[   45534ms] [WARNING] WebGL: INVALID_ENUM: getInternalformatParameter: invalid internalformat when EXT_color_buffer_[half_]float is not enabled @ https://challenges.cloudflare.com/cdn-cgi/challenge-platform/h/b/turnstile/f/av0/rch/yaxqh/0x4AAAAAAAWXJGBD7bONzLBd/auto/fbE/new/normal?lang=auto:0
[   45534ms] [WARNING] WebGL: INVALID_ENUM: getInternalformatParameter: invalid internalformat when EXT_color_buffer_float is not enabled @ https://challenges.cloudflare.com/cdn-cgi/challenge-platform/h/b/turnstile/f/av0/rch/yaxqh/0x4AAAAAAAWXJGBD7bONzLBd/auto/fbE/new/normal?lang=auto:0
[   45534ms] [WARNING] WebGL: INVALID_ENUM: getInternalformatParameter: invalid internalformat when EXT_color_buffer_float is not enabled @ https://challenges.cloudflare.com/cdn-cgi/challenge-platform/h/b/turnstile/f/av0/rch/yaxqh/0x4AAAAAAAWXJGBD7bONzLBd/auto/fbE/new/normal?lang=auto:0
[   45534ms] [WARNING] WebGL: INVALID_ENUM: getInternalformatParameter: invalid internalformat @ https://challenges.cloudflare.com/cdn-cgi/challenge-platform/h/b/turnstile/f/av0/rch/yaxqh/0x4AAAAAAAWXJGBD7bONzLBd/auto/fbE/new/normal?lang=auto:0
[   45534ms] [WARNING] WebGL: INVALID_ENUM: getInternalformatParameter: invalid internalformat when EXT_color_buffer_[half_]float is not enabled @ https://challenges.cloudflare.com/cdn-cgi/challenge-platform/h/b/turnstile/f/av0/rch/yaxqh/0x4AAAAAAAWXJGBD7bONzLBd/auto/fbE/new/normal?lang=auto:0
[   45534ms] [WARNING] WebGL: INVALID_ENUM: getInternalformatParameter: invalid internalformat when EXT_color_buffer_float is not enabled @ https://challenges.cloudflare.com/cdn-cgi/challenge-platform/h/b/turnstile/f/av0/rch/yaxqh/0x4AAAAAAAWXJGBD7bONzLBd/auto/fbE/new/normal?lang=auto:0
[   45535ms] [WARNING] WebGL: INVALID_ENUM: getInternalformatParameter: invalid internalformat when EXT_color_buffer_[half_]float is not enabled @ https://challenges.cloudflare.com/cdn-cgi/challenge-platform/h/b/turnstile/f/av0/rch/yaxqh/0x4AAAAAAAWXJGBD7bONzLBd/auto/fbE/new/normal?lang=auto:0
[   45535ms] [WARNING] WebGL: INVALID_ENUM: getInternalformatParameter: invalid internalformat when EXT_color_buffer_float is not enabled @ https://challenges.cloudflare.com/cdn-cgi/challenge-platform/h/b/turnstile/f/av0/rch/yaxqh/0x4AAAAAAAWXJGBD7bONzLBd/auto/fbE/new/normal?lang=auto:0
[   45588ms] [WARNING] The powerPreference option is currently ignored when calling requestAdapter() on Windows. See https://crbug.com/369219127 @ https://challenges.cloudflare.com/cdn-cgi/challenge-platform/h/b/turnstile/f/av0/rch/yaxqh/0x4AAAAAAAWXJGBD7bONzLBd/auto/fbE/new/normal?lang=auto:0
[   45588ms] [WARNING] The powerPreference option is currently ignored when calling requestAdapter() on Windows. See https://crbug.com/369219127 @ https://challenges.cloudflare.com/cdn-cgi/challenge-platform/h/b/turnstile/f/av0/rch/yaxqh/0x4AAAAAAAWXJGBD7bONzLBd/auto/fbE/new/normal?lang=auto:0
[   45591ms] [WARNING] No available adapters. @ https://challenges.cloudflare.com/cdn-cgi/challenge-platform/h/b/turnstile/f/av0/rch/yaxqh/0x4AAAAAAAWXJGBD7bONzLBd/auto/fbE/new/normal?lang=auto:0
[   45621ms] [WARNING] OTS parsing error: Size of decompressed WOFF 2.0 is less than compressed size @ https://challenges.cloudflare.com/cdn-cgi/challenge-platform/h/b/turnstile/f/av0/rch/yaxqh/0x4AAAAAAAWXJGBD7bONzLBd/auto/fbE/new/normal?lang=auto:0
[   45858ms] [LOG] /.*.*=.*/ @ https://challenges.cloudflare.com/cdn-cgi/challenge-platform/h/b/turnstile/f/av0/rch/yaxqh/0x4AAAAAAAWXJGBD7bONzLBd/auto/fbE/new/normal?lang=auto:0
[   45858ms] [LOG] /.*.*=.*/ @ https://challenges.cloudflare.com/cdn-cgi/challenge-platform/h/b/turnstile/f/av0/rch/yaxqh/0x4AAAAAAAWXJGBD7bONzLBd/auto/fbE/new/normal?lang=auto:0
[   45858ms] [LOG] function () { [native code] } @ https://challenges.cloudflare.com/cdn-cgi/challenge-platform/h/b/turnstile/f/av0/rch/yaxqh/0x4AAAAAAAWXJGBD7bONzLBd/auto/fbE/new/normal?lang=auto:0
[   45858ms] [LOG] function () { [native code] } @ https://challenges.cloudflare.com/cdn-cgi/challenge-platform/h/b/turnstile/f/av0/rch/yaxqh/0x4AAAAAAAWXJGBD7bONzLBd/auto/fbE/new/normal?lang=auto:0
[   45858ms] [LOG] JSHandle@node @ https://challenges.cloudflare.com/cdn-cgi/challenge-platform/h/b/turnstile/f/av0/rch/yaxqh/0x4AAAAAAAWXJGBD7bONzLBd/auto/fbE/new/normal?lang=auto:0
[   45859ms] [LOG] JSHandle@node @ https://challenges.cloudflare.com/cdn-cgi/challenge-platform/h/b/turnstile/f/av0/rch/yaxqh/0x4AAAAAAAWXJGBD7bONzLBd/auto/fbE/new/normal?lang=auto:0
[   45859ms] [COUNT]  : 1 @ https://challenges.cloudflare.com/cdn-cgi/challenge-platform/h/b/turnstile/f/av0/rch/yaxqh/0x4AAAAAAAWXJGBD7bONzLBd/auto/fbE/new/normal?lang=auto:0
[   45859ms] [COUNT]  : 1 @ https://challenges.cloudflare.com/cdn-cgi/challenge-platform/h/b/turnstile/f/av0/rch/yaxqh/0x4AAAAAAAWXJGBD7bONzLBd/auto/fbE/new/normal?lang=auto:0
[   45859ms] [DIR]  Error @ https://challenges.cloudflare.com/cdn-cgi/challenge-platform/h/b/turnstile/f/av0/rch/yaxqh/0x4AAAAAAAWXJGBD7bONzLBd/auto/fbE/new/normal?lang=auto:0
[   45859ms] [DIR]  Error @ https://challenges.cloudflare.com/cdn-cgi/challenge-platform/h/b/turnstile/f/av0/rch/yaxqh/0x4AAAAAAAWXJGBD7bONzLBd/auto/fbE/new/normal?lang=auto:0
[   45859ms] [DIRXML] %c%d font-size:0;color:transparent Error @ https://challenges.cloudflare.com/cdn-cgi/challenge-platform/h/b/turnstile/f/av0/rch/yaxqh/0x4AAAAAAAWXJGBD7bONzLBd/auto/fbE/new/normal?lang=auto:0
[   45859ms] [DIRXML] %c%d font-size:0;color:transparent Error @ https://challenges.cloudflare.com/cdn-cgi/challenge-platform/h/b/turnstile/f/av0/rch/yaxqh/0x4AAAAAAAWXJGBD7bONzLBd/auto/fbE/new/normal?lang=auto:0
[   45860ms] [ERROR] %c%d font-size:0;color:transparent NaN @ https://challenges.cloudflare.com/cdn-cgi/challenge-platform/h/b/turnstile/f/av0/rch/yaxqh/0x4AAAAAAAWXJGBD7bONzLBd/auto/fbE/new/normal?lang=auto:0
[   45860ms] [ERROR] %c%d font-size:0;color:transparent NaN @ https://challenges.cloudflare.com/cdn-cgi/challenge-platform/h/b/turnstile/f/av0/rch/yaxqh/0x4AAAAAAAWXJGBD7bONzLBd/auto/fbE/new/normal?lang=auto:0
[   45860ms] [INFO] %c%d font-size:0;color:transparent NaN @ https://challenges.cloudflare.com/cdn-cgi/challenge-platform/h/b/turnstile/f/av0/rch/yaxqh/0x4AAAAAAAWXJGBD7bONzLBd/auto/fbE/new/normal?lang=auto:0
[   45860ms] [INFO] %c%d font-size:0;color:transparent NaN @ https://challenges.cloudflare.com/cdn-cgi/challenge-platform/h/b/turnstile/f/av0/rch/yaxqh/0x4AAAAAAAWXJGBD7bONzLBd/auto/fbE/new/normal?lang=auto:0
[   45860ms] [LOG] %c%d font-size:0;color:transparent NaN @ https://challenges.cloudflare.com/cdn-cgi/challenge-platform/h/b/turnstile/f/av0/rch/yaxqh/0x4AAAAAAAWXJGBD7bONzLBd/auto/fbE/new/normal?lang=auto:0
[   45860ms] [LOG] %c%d font-size:0;color:transparent NaN @ https://challenges.cloudflare.com/cdn-cgi/challenge-platform/h/b/turnstile/f/av0/rch/yaxqh/0x4AAAAAAAWXJGBD7bONzLBd/auto/fbE/new/normal?lang=auto:0
[   45860ms] [TABLE] %c%d font-size:0;color:transparent Error @ https://challenges.cloudflare.com/cdn-cgi/challenge-platform/h/b/turnstile/f/av0/rch/yaxqh/0x4AAAAAAAWXJGBD7bONzLBd/auto/fbE/new/normal?lang=auto:0
[   45860ms] [TABLE] %c%d font-size:0;color:transparent Error @ https://challenges.cloudflare.com/cdn-cgi/challenge-platform/h/b/turnstile/f/av0/rch/yaxqh/0x4AAAAAAAWXJGBD7bONzLBd/auto/fbE/new/normal?lang=auto:0
[   45860ms] [WARNING] %c%d font-size:0;color:transparent NaN @ https://challenges.cloudflare.com/cdn-cgi/challenge-platform/h/b/turnstile/f/av0/rch/yaxqh/0x4AAAAAAAWXJGBD7bONzLBd/auto/fbE/new/normal?lang=auto:0
[   45860ms] [WARNING] %c%d font-size:0;color:transparent NaN @ https://challenges.cloudflare.com/cdn-cgi/challenge-platform/h/b/turnstile/f/av0/rch/yaxqh/0x4AAAAAAAWXJGBD7bONzLBd/auto/fbE/new/normal?lang=auto:0
[   46828ms] [ERROR] Failed to load resource: the server responded with a status of 422 () @ https://valid-bulldog-31.clerk.accounts.dev/v1/client/sign_ups?__clerk_api_version=2026-05-12&_clerk_js_version=6.26.0&__clerk_db_jwt=dvb_3HfQraq6NIrJMC3OaMO380nM6Lr:0
[  132217ms] [WARNING] OTS parsing error: Size of decompressed WOFF 2.0 is less than compressed size @ https://challenges.cloudflare.com/cdn-cgi/challenge-platform/h/b/turnstile/f/av0/rch/ds7xh/0x4AAAAAAAWXJGBD7bONzLBd/auto/fbE/new/normal?lang=auto:0
[  132465ms] [WARNING] WebGL: INVALID_ENUM: getInternalformatParameter: invalid internalformat @ https://challenges.cloudflare.com/cdn-cgi/challenge-platform/h/b/turnstile/f/av0/rch/ds7xh/0x4AAAAAAAWXJGBD7bONzLBd/auto/fbE/new/normal?lang=auto:0
[  132466ms] [WARNING] WebGL: INVALID_ENUM: getInternalformatParameter: invalid internalformat @ https://challenges.cloudflare.com/cdn-cgi/challenge-platform/h/b/turnstile/f/av0/rch/ds7xh/0x4AAAAAAAWXJGBD7bONzLBd/auto/fbE/new/normal?lang=auto:0
[  132466ms] [WARNING] WebGL: INVALID_ENUM: getInternalformatParameter: invalid internalformat @ https://challenges.cloudflare.com/cdn-cgi/challenge-platform/h/b/turnstile/f/av0/rch/ds7xh/0x4AAAAAAAWXJGBD7bONzLBd/auto/fbE/new/normal?lang=auto:0
[  132466ms] [WARNING] WebGL: INVALID_ENUM: getInternalformatParameter: invalid internalformat @ https://challenges.cloudflare.com/cdn-cgi/challenge-platform/h/b/turnstile/f/av0/rch/ds7xh/0x4AAAAAAAWXJGBD7bONzLBd/auto/fbE/new/normal?lang=auto:0
[  132466ms] [WARNING] WebGL: INVALID_ENUM: getInternalformatParameter: invalid internalformat @ https://challenges.cloudflare.com/cdn-cgi/challenge-platform/h/b/turnstile/f/av0/rch/ds7xh/0x4AAAAAAAWXJGBD7bONzLBd/auto/fbE/new/normal?lang=auto:0
[  132466ms] [WARNING] WebGL: INVALID_ENUM: getInternalformatParameter: invalid internalformat @ https://challenges.cloudflare.com/cdn-cgi/challenge-platform/h/b/turnstile/f/av0/rch/ds7xh/0x4AAAAAAAWXJGBD7bONzLBd/auto/fbE/new/normal?lang=auto:0
[  132467ms] [WARNING] WebGL: INVALID_ENUM: getInternalformatParameter: invalid internalformat @ https://challenges.cloudflare.com/cdn-cgi/challenge-platform/h/b/turnstile/f/av0/rch/ds7xh/0x4AAAAAAAWXJGBD7bONzLBd/auto/fbE/new/normal?lang=auto:0
[  132467ms] [WARNING] WebGL: INVALID_ENUM: getInternalformatParameter: invalid internalformat @ https://challenges.cloudflare.com/cdn-cgi/challenge-platform/h/b/turnstile/f/av0/rch/ds7xh/0x4AAAAAAAWXJGBD7bONzLBd/auto/fbE/new/normal?lang=auto:0
[  132467ms] [WARNING] WebGL: INVALID_ENUM: getInternalformatParameter: invalid internalformat @ https://challenges.cloudflare.com/cdn-cgi/challenge-platform/h/b/turnstile/f/av0/rch/ds7xh/0x4AAAAAAAWXJGBD7bONzLBd/auto/fbE/new/normal?lang=auto:0
[  132467ms] [WARNING] WebGL: INVALID_ENUM: getInternalformatParameter: invalid internalformat @ https://challenges.cloudflare.com/cdn-cgi/challenge-platform/h/b/turnstile/f/av0/rch/ds7xh/0x4AAAAAAAWXJGBD7bONzLBd/auto/fbE/new/normal?lang=auto:0
[  132467ms] [WARNING] WebGL: INVALID_ENUM: getInternalformatParameter: invalid internalformat @ https://challenges.cloudflare.com/cdn-cgi/challenge-platform/h/b/turnstile/f/av0/rch/ds7xh/0x4AAAAAAAWXJGBD7bONzLBd/auto/fbE/new/normal?lang=auto:0
[  132468ms] [WARNING] WebGL: INVALID_ENUM: getInternalformatParameter: invalid internalformat when EXT_color_buffer_[half_]float is not enabled @ https://challenges.cloudflare.com/cdn-cgi/challenge-platform/h/b/turnstile/f/av0/rch/ds7xh/0x4AAAAAAAWXJGBD7bONzLBd/auto/fbE/new/normal?lang=auto:0
[  132468ms] [WARNING] WebGL: INVALID_ENUM: getInternalformatParameter: invalid internalformat when EXT_color_buffer_float is not enabled @ https://challenges.cloudflare.com/cdn-cgi/challenge-platform/h/b/turnstile/f/av0/rch/ds7xh/0x4AAAAAAAWXJGBD7bONzLBd/auto/fbE/new/normal?lang=auto:0
[  132468ms] [WARNING] WebGL: INVALID_ENUM: getInternalformatParameter: invalid internalformat when EXT_color_buffer_float is not enabled @ https://challenges.cloudflare.com/cdn-cgi/challenge-platform/h/b/turnstile/f/av0/rch/ds7xh/0x4AAAAAAAWXJGBD7bONzLBd/auto/fbE/new/normal?lang=auto:0
[  132468ms] [WARNING] WebGL: INVALID_ENUM: getInternalformatParameter: invalid internalformat @ https://challenges.cloudflare.com/cdn-cgi/challenge-platform/h/b/turnstile/f/av0/rch/ds7xh/0x4AAAAAAAWXJGBD7bONzLBd/auto/fbE/new/normal?lang=auto:0
[  132468ms] [WARNING] WebGL: INVALID_ENUM: getInternalformatParameter: invalid internalformat when EXT_color_buffer_[half_]float is not enabled @ https://challenges.cloudflare.com/cdn-cgi/challenge-platform/h/b/turnstile/f/av0/rch/ds7xh/0x4AAAAAAAWXJGBD7bONzLBd/auto/fbE/new/normal?lang=auto:0
[  132468ms] [WARNING] WebGL: INVALID_ENUM: getInternalformatParameter: invalid internalformat when EXT_color_buffer_float is not enabled @ https://challenges.cloudflare.com/cdn-cgi/challenge-platform/h/b/turnstile/f/av0/rch/ds7xh/0x4AAAAAAAWXJGBD7bONzLBd/auto/fbE/new/normal?lang=auto:0
[  132469ms] [WARNING] WebGL: INVALID_ENUM: getInternalformatParameter: invalid internalformat when EXT_color_buffer_[half_]float is not enabled @ https://challenges.cloudflare.com/cdn-cgi/challenge-platform/h/b/turnstile/f/av0/rch/ds7xh/0x4AAAAAAAWXJGBD7bONzLBd/auto/fbE/new/normal?lang=auto:0
[  132469ms] [WARNING] WebGL: INVALID_ENUM: getInternalformatParameter: invalid internalformat when EXT_color_buffer_float is not enabled @ https://challenges.cloudflare.com/cdn-cgi/challenge-platform/h/b/turnstile/f/av0/rch/ds7xh/0x4AAAAAAAWXJGBD7bONzLBd/auto/fbE/new/normal?lang=auto:0
[  132507ms] [LOG] /.*.*=.*/ @ https://challenges.cloudflare.com/cdn-cgi/challenge-platform/h/b/turnstile/f/av0/rch/ds7xh/0x4AAAAAAAWXJGBD7bONzLBd/auto/fbE/new/normal?lang=auto:0
[  132507ms] [LOG] /.*.*=.*/ @ https://challenges.cloudflare.com/cdn-cgi/challenge-platform/h/b/turnstile/f/av0/rch/ds7xh/0x4AAAAAAAWXJGBD7bONzLBd/auto/fbE/new/normal?lang=auto:0
[  132507ms] [LOG] function () { [native code] } @ https://challenges.cloudflare.com/cdn-cgi/challenge-platform/h/b/turnstile/f/av0/rch/ds7xh/0x4AAAAAAAWXJGBD7bONzLBd/auto/fbE/new/normal?lang=auto:0
[  132507ms] [LOG] function () { [native code] } @ https://challenges.cloudflare.com/cdn-cgi/challenge-platform/h/b/turnstile/f/av0/rch/ds7xh/0x4AAAAAAAWXJGBD7bONzLBd/auto/fbE/new/normal?lang=auto:0
[  132507ms] [LOG] JSHandle@node @ https://challenges.cloudflare.com/cdn-cgi/challenge-platform/h/b/turnstile/f/av0/rch/ds7xh/0x4AAAAAAAWXJGBD7bONzLBd/auto/fbE/new/normal?lang=auto:0
[  132508ms] [LOG] JSHandle@node @ https://challenges.cloudflare.com/cdn-cgi/challenge-platform/h/b/turnstile/f/av0/rch/ds7xh/0x4AAAAAAAWXJGBD7bONzLBd/auto/fbE/new/normal?lang=auto:0
[  132508ms] [COUNT]  : 1 @ https://challenges.cloudflare.com/cdn-cgi/challenge-platform/h/b/turnstile/f/av0/rch/ds7xh/0x4AAAAAAAWXJGBD7bONzLBd/auto/fbE/new/normal?lang=auto:0
[  132508ms] [COUNT]  : 1 @ https://challenges.cloudflare.com/cdn-cgi/challenge-platform/h/b/turnstile/f/av0/rch/ds7xh/0x4AAAAAAAWXJGBD7bONzLBd/auto/fbE/new/normal?lang=auto:0
[  132509ms] [DIR]  Error @ https://challenges.cloudflare.com/cdn-cgi/challenge-platform/h/b/turnstile/f/av0/rch/ds7xh/0x4AAAAAAAWXJGBD7bONzLBd/auto/fbE/new/normal?lang=auto:0
[  132509ms] [DIR]  Error @ https://challenges.cloudflare.com/cdn-cgi/challenge-platform/h/b/turnstile/f/av0/rch/ds7xh/0x4AAAAAAAWXJGBD7bONzLBd/auto/fbE/new/normal?lang=auto:0
[  132509ms] [DIRXML] %c%d font-size:0;color:transparent Error @ https://challenges.cloudflare.com/cdn-cgi/challenge-platform/h/b/turnstile/f/av0/rch/ds7xh/0x4AAAAAAAWXJGBD7bONzLBd/auto/fbE/new/normal?lang=auto:0
[  132509ms] [DIRXML] %c%d font-size:0;color:transparent Error @ https://challenges.cloudflare.com/cdn-cgi/challenge-platform/h/b/turnstile/f/av0/rch/ds7xh/0x4AAAAAAAWXJGBD7bONzLBd/auto/fbE/new/normal?lang=auto:0
[  132509ms] [ERROR] %c%d font-size:0;color:transparent NaN @ https://challenges.cloudflare.com/cdn-cgi/challenge-platform/h/b/turnstile/f/av0/rch/ds7xh/0x4AAAAAAAWXJGBD7bONzLBd/auto/fbE/new/normal?lang=auto:0
[  132509ms] [ERROR] %c%d font-size:0;color:transparent NaN @ https://challenges.cloudflare.com/cdn-cgi/challenge-platform/h/b/turnstile/f/av0/rch/ds7xh/0x4AAAAAAAWXJGBD7bONzLBd/auto/fbE/new/normal?lang=auto:0
[  132510ms] [INFO] %c%d font-size:0;color:transparent NaN @ https://challenges.cloudflare.com/cdn-cgi/challenge-platform/h/b/turnstile/f/av0/rch/ds7xh/0x4AAAAAAAWXJGBD7bONzLBd/auto/fbE/new/normal?lang=auto:0
[  132510ms] [INFO] %c%d font-size:0;color:transparent NaN @ https://challenges.cloudflare.com/cdn-cgi/challenge-platform/h/b/turnstile/f/av0/rch/ds7xh/0x4AAAAAAAWXJGBD7bONzLBd/auto/fbE/new/normal?lang=auto:0
[  132510ms] [LOG] %c%d font-size:0;color:transparent NaN @ https://challenges.cloudflare.com/cdn-cgi/challenge-platform/h/b/turnstile/f/av0/rch/ds7xh/0x4AAAAAAAWXJGBD7bONzLBd/auto/fbE/new/normal?lang=auto:0
[  132510ms] [LOG] %c%d font-size:0;color:transparent NaN @ https://challenges.cloudflare.com/cdn-cgi/challenge-platform/h/b/turnstile/f/av0/rch/ds7xh/0x4AAAAAAAWXJGBD7bONzLBd/auto/fbE/new/normal?lang=auto:0
[  132510ms] [TABLE] %c%d font-size:0;color:transparent Error @ https://challenges.cloudflare.com/cdn-cgi/challenge-platform/h/b/turnstile/f/av0/rch/ds7xh/0x4AAAAAAAWXJGBD7bONzLBd/auto/fbE/new/normal?lang=auto:0
[  132510ms] [TABLE] %c%d font-size:0;color:transparent Error @ https://challenges.cloudflare.com/cdn-cgi/challenge-platform/h/b/turnstile/f/av0/rch/ds7xh/0x4AAAAAAAWXJGBD7bONzLBd/auto/fbE/new/normal?lang=auto:0
[  132510ms] [WARNING] %c%d font-size:0;color:transparent NaN @ https://challenges.cloudflare.com/cdn-cgi/challenge-platform/h/b/turnstile/f/av0/rch/ds7xh/0x4AAAAAAAWXJGBD7bONzLBd/auto/fbE/new/normal?lang=auto:0
[  132511ms] [WARNING] %c%d font-size:0;color:transparent NaN @ https://challenges.cloudflare.com/cdn-cgi/challenge-platform/h/b/turnstile/f/av0/rch/ds7xh/0x4AAAAAAAWXJGBD7bONzLBd/auto/fbE/new/normal?lang=auto:0
[  132513ms] [WARNING] The powerPreference option is currently ignored when calling requestAdapter() on Windows. See https://crbug.com/369219127 @ https://challenges.cloudflare.com/cdn-cgi/challenge-platform/h/b/turnstile/f/av0/rch/ds7xh/0x4AAAAAAAWXJGBD7bONzLBd/auto/fbE/new/normal?lang=auto:0
[  132513ms] [WARNING] The powerPreference option is currently ignored when calling requestAdapter() on Windows. See https://crbug.com/369219127 @ https://challenges.cloudflare.com/cdn-cgi/challenge-platform/h/b/turnstile/f/av0/rch/ds7xh/0x4AAAAAAAWXJGBD7bONzLBd/auto/fbE/new/normal?lang=auto:0
[  132519ms] [WARNING] No available adapters. @ https://challenges.cloudflare.com/cdn-cgi/challenge-platform/h/b/turnstile/f/av0/rch/ds7xh/0x4AAAAAAAWXJGBD7bONzLBd/auto/fbE/new/normal?lang=auto:0
